函数作为返回值

>>> f1 = lazy_sum(1, 3, 5, 7, 9)
>>> f2 = lazy_sum(1, 3, 5, 7, 9)
>>> f1==f2
False
f1()和f2()的调用结果互不影响。

闭包

注意到返回的函数在其定义内部引用了局部变量args，所以，当一个函数返回了一个函数后，其内部的局部变量还被新函数引用，所以，闭包用起来简单，实现起来可不容易。

另一个需要注意的问题是，返回的函数并没有立刻执行，而是直到调用了f()才执行。我们来看一个例子：

def count():
    fs = []
    for i in range(1, 4):
        def f():
             return i*i
        fs.append(f)
    return fs

f1, f2, f3 = count()
在上面的例子中，每次循环，都创建了一个新的函数，然后，把创建的3个函数都返回了。

你可能认为调用f1()，f2()和f3()结果应该是1，4，9，但实际结果是：

>>> f1()
9
>>> f2()
9
>>> f3()
9
全部都是9！原因就在于返回的函数引用了变量i，但它并非立刻执行。等到3个函数都返回时，它们所引用的变量i已经变成了3，因此最终结果为9。

返回闭包时牢记的一点就是：返回函数不要引用任何循环变量，或者后续会发生变化的变量。

如果一定要引用循环变量怎么办？方法是再创建一个函数，用该函数的参数绑定循环变量当前的值，无论该循环变量后续如何更改，已绑定到函数参数的值不变：

def count():
    def f(j):
        def g():
            return j*j
        return g
    fs = []
    for i in range(1, 4):
        fs.append(f(i)) # f(i)立刻被执行，因此i的当前值被传入f()
    return fs








通过对比可以看出，匿名函数lambda x: x * x实际上就是：

def f(x):
    return x * x
关键字lambda表示匿名函数，冒号前面的x表示函数参数。

匿名函数有个限制，就是只能有一个表达式，不用写return，返回值就是该表达式的结果。

用匿名函数有个好处，因为函数没有名字，不必担心函数名冲突。此外，匿名函数也是一个函数对象，也可以把匿名函数赋值给一个变量，再利用变量来调用该函数：

>>> f = lambda x: x * x
>>> f
<function <lambda> at 0x101c6ef28>
>>> f(5)
25
同样，也可以把匿名函数作为返回值返回，比如：

def build(x, y):
    return lambda: x * x + y * y











如果要让内部属性不被外部访问，可以把属性的名称前加上两个下划线__，在Python中，实例的变量名如果以__开头，就变成了一个私有变量（private），只有内部可以访问，外部不能访问，所以，我们把Student类改一改：

class Student(object):

    def __init__(self, name, score):
        self.__name = name
        self.__score = score

    def print_score(self):
        print('%s: %s' % (self.__name, self.__score))
改完后，对于外部代码来说，没什么变动，但是已经无法从外部访问实例变量.__name和实例变量.__score了：

>>> bart = Student('Bart Simpson', 98)
>>> bart.__name
Traceback (most recent call last):
  File "<stdin>", line 1, in <module>
AttributeError: 'Student' object has no attribute '__name'







在Python中，变量名类似__xxx__的，也就是以双下划线开头，并且以双下划线结尾的，是特殊变量，特殊变量是可以直接访问的，不是private变量，所以，不能用__name__、__score__这样的变量名。

有些时候，你会看到以一个下划线开头的实例变量名，比如_name，这样的实例变量外部是可以访问的，但是，按照约定俗成的规定，当你看到这样的变量时，意思就是，“虽然我可以被访问，但是，请把我视为私有变量，不要随意访问”。

双下划线开头的实例变量是不是一定不能从外部访问呢？其实也不是。不能直接访问__name是因为Python解释器对外把__name变量改成了_Student__name，所以，仍然可以通过_Student__name来访问__name变量：

>>> bart._Student__name




最后注意下面的这种错误写法：

>>> bart = Student('Bart Simpson', 98)
>>> bart.get_name()
'Bart Simpson'
>>> bart.__name = 'New Name' # 设置__name变量！
>>> bart.__name
'New Name'
表面上看，外部代码“成功”地设置了__name变量，但实际上这个__name变量和class内部的__name变量不是一个变量！内部的__name变量已经被Python解释器自动改成了_Student__name，而外部代码给bart新增了一个__name变量。不信试试：

>>> bart.get_name() # get_name()内部返回self.__name
'Bart Simpson'







要理解什么是多态，我们首先要对数据类型再作一点说明。当我们定义一个class的时候，我们实际上就定义了一种数据类型。我们定义的数据类型和Python自带的数据类型，比如str、list、dict没什么两样：

a = list() # a是list类型
b = Animal() # b是Animal类型
c = Dog() # c是Dog类型
判断一个变量是否是某个类型可以用isinstance()判断：

>>> isinstance(a, list)
True
>>> isinstance(b, Animal)
True
>>> isinstance(c, Dog)
True
看来a、b、c确实对应着list、Animal、Dog这3种类型。

但是等等，试试：

>>> isinstance(c, Animal)
True
看来c不仅仅是Dog，c还是Animal！

不过仔细想想，这是有道理的，因为Dog是从Animal继承下来的，当我们创建了一个Dog的实例c时，我们认为c的数据类型是Dog没错，但c同时也是Animal也没错，Dog本来就是Animal的一种！

所以，在继承关系中，如果一个实例的数据类型是某个子类，那它的数据类型也可以被看做是父类。但是，反过来就不行：

>>> b = Animal()
>>> isinstance(b, Dog)
False
Dog可以看成Animal，但Animal不可以看成Dog。








多态的好处就是，当我们需要传入Dog、Cat、Tortoise……时，我们只需要接收Animal类型就可以了，因为Dog、Cat、Tortoise……都是Animal类型，然后，按照Animal类型进行操作即可。由于Animal类型有run()方法，因此，传入的任意类型，只要是Animal类或者子类，就会自动调用实际类型的run()方法，这就是多态的意思：

对于一个变量，我们只需要知道它是Animal类型，无需确切地知道它的子类型，就可以放心地调用run()方法，而具体调用的run()方法是作用在Animal、Dog、Cat还是Tortoise对象上，由运行时该对象的确切类型决定，这就是多态真正的威力：调用方只管调用，不管细节，而当我们新增一种Animal的子类时，只要确保run()方法编写正确，不用管原来的代码是如何调用的。这就是著名的“开闭”原则：

对扩展开放：允许新增Animal子类；

对修改封闭：不需要修改依赖Animal类型的run_twice()等函数。











静态语言 vs 动态语言

对于静态语言（例如Java）来说，如果需要传入Animal类型，则传入的对象必须是Animal类型或者它的子类，否则，将无法调用run()方法。

对于Python这样的动态语言来说，则不一定需要传入Animal类型。我们只需要保证传入的对象有一个run()方法就可以了：

class Timer(object):
    def run(self):
        print('Start...')
这就是动态语言的“鸭子类型”，它并不要求严格的继承体系，一个对象只要“看起来像鸭子，走起路来像鸭子”，那它就可以被看做是鸭子。

Python的“file-like object“就是一种鸭子类型。对真正的文件对象，它有一个read()方法，返回其内容。但是，许多对象，只要有read()方法，都被视为“file-like object“。许多函数接收的参数就是“file-like object“，你不一定要传入真正的文件对象，完全可以传入任何实现了read()方法的对象。








使用type()

首先，我们来判断对象类型，使用type()函数：

基本类型都可以用type()判断：

>>> type(123)
<class 'int'>
>>> type('str')
<class 'str'>
>>> type(None)
<type(None) 'NoneType'>
如果一个变量指向函数或者类，也可以用type()判断：

>>> type(abs)
<class 'builtin_function_or_method'>
>>> type(a)
<class '__main__.Animal'>
但是type()函数返回的是什么类型呢？它返回对应的Class类型。如果我们要在if语句中判断，就需要比较两个变量的type类型是否相同：

>>> type(123)==type(456)
True
>>> type(123)==int
True
>>> type('abc')==type('123')
True
>>> type('abc')==str
True
>>> type('abc')==type(123)
False
判断基本数据类型可以直接写int，str等，但如果要判断一个对象是否是函数怎么办？可以使用types模块中定义的常量：

>>> import types
>>> def fn():
...     pass
...
>>> type(fn)==types.FunctionType
True
>>> type(abs)==types.BuiltinFunctionType
True
>>> type(lambda x: x)==types.LambdaType
True
>>> type((x for x in range(10)))==types.GeneratorType
True











使用isinstance()

对于class的继承关系来说，使用type()就很不方便。我们要判断class的类型，可以使用isinstance()函数。

我们回顾上次的例子，如果继承关系是：

object -> Animal -> Dog -> Husky
那么，isinstance()就可以告诉我们，一个对象是否是某种类型。先创建3种类型的对象：

>>> a = Animal()
>>> d = Dog()
>>> h = Husky()
然后，判断：

>>> isinstance(h, Husky)
True
没有问题，因为h变量指向的就是Husky对象。

再判断：

>>> isinstance(h, Dog)
True
h虽然自身是Husky类型，但由于Husky是从Dog继承下来的，所以，h也还是Dog类型。换句话说，isinstance()判断的是一个对象是否是该类型本身，或者位于该类型的父继承链上。

因此，我们可以确信，h还是Animal类型：

>>> isinstance(h, Animal)
True
同理，实际类型是Dog的d也是Animal类型：

>>> isinstance(d, Dog) and isinstance(d, Animal)
True
但是，d不是Husky类型：

>>> isinstance(d, Husky)
False
能用type()判断的基本类型也可以用isinstance()判断：

>>> isinstance('a', str)
True
>>> isinstance(123, int)
True
>>> isinstance(b'a', bytes)
True
并且还可以判断一个变量是否是某些类型中的一种，比如下面的代码就可以判断是否是list或者tuple：

>>> isinstance([1, 2, 3], (list, tuple))
True
>>> isinstance((1, 2, 3), (list, tuple))
True















使用dir()

如果要获得一个对象的所有属性和方法，可以使用dir()函数，它返回一个包含字符串的list，比如，获得一个str对象的所有属性和方法：

>>> dir('ABC')
['__add__', '__class__', '__contains__', '__delattr__', '__dir__', '__doc__', '__eq__', '__format__', '__ge__', '__getattribute__', '__getitem__', '__getnewargs__', '__gt__', '__hash__', '__init__', '__iter__', '__le__', '__len__', '__lt__', '__mod__', '__mul__', '__ne__', '__new__', '__reduce__', '__reduce_ex__', '__repr__', '__rmod__', '__rmul__', '__setattr__', '__sizeof__', '__str__', '__subclasshook__', 'capitalize', 'casefold', 'center', 'count', 'encode', 'endswith', 'expandtabs', 'find', 'format', 'format_map', 'index', 'isalnum', 'isalpha', 'isdecimal', 'isdigit', 'isidentifier', 'islower', 'isnumeric', 'isprintable', 'isspace', 'istitle', 'isupper', 'join', 'ljust', 'lower', 'lstrip', 'maketrans', 'partition', 'replace', 'rfind', 'rindex', 'rjust', 'rpartition', 'rsplit', 'rstrip', 'split', 'splitlines', 'startswith', 'strip', 'swapcase', 'title', 'translate', 'upper', 'zfill']
类似__xxx__的属性和方法在Python中都是有特殊用途的，比如__len__方法返回长度。在Python中，如果你调用len()函数试图获取一个对象的长度，实际上，在len()函数内部，它自动去调用该对象的__len__()方法，所以，下面的代码是等价的：

>>> len('ABC')
3
>>> 'ABC'.__len__()
3
我们自己写的类，如果也想用len(myObj)的话，就自己写一个__len__()方法：

>>> class MyDog(object):
...     def __len__(self):
...         return 100
...
>>> dog = MyDog()
>>> len(dog)
100













仅仅把属性和方法列出来是不够的，配合getattr()、setattr()以及hasattr()，我们可以直接操作一个对象的状态：

>>> class MyObject(object):
...     def __init__(self):
...         self.x = 9
...     def power(self):
...         return self.x * self.x
...
>>> obj = MyObject()
紧接着，可以测试该对象的属性：

>>> hasattr(obj, 'x') # 有属性'x'吗？
True
>>> obj.x
9
>>> hasattr(obj, 'y') # 有属性'y'吗？
False
>>> setattr(obj, 'y', 19) # 设置一个属性'y'
>>> hasattr(obj, 'y') # 有属性'y'吗？
True
>>> getattr(obj, 'y') # 获取属性'y'
19
>>> obj.y # 获取属性'y'
19
如果试图获取不存在的属性，会抛出AttributeError的错误：

>>> getattr(obj, 'z') # 获取属性'z'
Traceback (most recent call last):
  File "<stdin>", line 1, in <module>
AttributeError: 'MyObject' object has no attribute 'z'
可以传入一个default参数，如果属性不存在，就返回默认值：

>>> getattr(obj, 'z', 404) # 获取属性'z'，如果不存在，返回默认值404
404
也可以获得对象的方法：

>>> hasattr(obj, 'power') # 有属性'power'吗？
True
>>> getattr(obj, 'power') # 获取属性'power'
<bound method MyObject.power of <__main__.MyObject object at 0x10077a6a0>>
>>> fn = getattr(obj, 'power') # 获取属性'power'并赋值到变量fn
>>> fn # fn指向obj.power
<bound method MyObject.power of <__main__.MyObject object at 0x10077a6a0>>
>>> fn() # 调用fn()与调用obj.power()是一样的
81
















 class stu():
...     name='aa'
...     def __init__(self):
...             pass
...     def print_name(self):
...             print name
...

>>> s=stu()
>>> s.name
'aa'
>>> s=name='cc'
>>> s.print_name
<bound method stu.print_name of <__main__.stu instance at 0x03743A30>>

>>> s.print_name()
cc
>>> stu().name
'aa'

>>> s.__dict__
{'name': 'cc'}
>>> stu().__dict__
{}
>>> stu().name
'aa'
>>> stu.__dict__
{'__module__': '__main__', 'print_name': <function print_name at 0x037397B0>, 'name': 'aa', '__init__': <function __init__ at 0x037398B0>, '__doc__': None}
>>> s.__dict__
{'name': 'cc'}
>>> ss=stu()
>>> ss.name
'aa'
>>> ss.__dict__
{}
>>> ss.name='ef'
>>>
>>> ss.__dict__
{'name': 'ef'}









如果Student类本身需要绑定一个属性呢？可以直接在class中定义属性，这种属性是类属性，归Student类所有：

class Student(object):
    name = 'Student'
当我们定义了一个类属性后，这个属性虽然归类所有，但类的所有实例都可以访问到。来测试一下：

>>> class Student(object):
...     name = 'Student'
...
>>> s = Student() # 创建实例s
>>> print(s.name) # 打印name属性，因为实例并没有name属性，所以会继续查找class的name属性
Student
>>> print(Student.name) # 打印类的name属性
Student
>>> s.name = 'Michael' # 给实例绑定name属性
>>> print(s.name) # 由于实例属性优先级比类属性高，因此，它会屏蔽掉类的name属性
Michael
>>> print(Student.name) # 但是类属性并未消失，用Student.name仍然可以访问
Student
>>> del s.name # 如果删除实例的name属性
>>> print(s.name) # 再次调用s.name，由于实例的name属性没有找到，类的name属性就显示出来了
Student
从上面的例子可以看出，在编写程序的时候，千万不要把实例属性和类属性使用相同的名字，因为相同名称的实例属性将屏蔽掉类属性，但是当你删除实例属性后，再使用相同的名称，访问到的将是类属性。















当我们定义了一个class，创建了一个class的实例后，我们可以给该实例绑定任何属性和方法，这就是动态语言的灵活性。先定义class：

class Student(object):
    pass
然后，尝试给实例绑定一个属性：

>>> s = Student()
>>> s.name = 'Michael' # 动态给实例绑定一个属性
>>> print(s.name)
Michael
还可以尝试给实例绑定一个方法：

>>> def set_age(self, age): # 定义一个函数作为实例方法
...     self.age = age
...
>>> from types import MethodType
>>> s.set_age = MethodType(set_age, s) # 给实例绑定一个方法
>>> s.set_age(25) # 调用实例方法
>>> s.age # 测试结果
25
但是，给一个实例绑定的方法，对另一个实例是不起作用的：

>>> s2 = Student() # 创建新的实例
>>> s2.set_age(25) # 尝试调用方法
Traceback (most recent call last):
  File "<stdin>", line 1, in <module>
AttributeError: 'Student' object has no attribute 'set_age'
为了给所有实例都绑定方法，可以给class绑定方法：

>>> def set_score(self, score):
...     self.score = score
...
>>> Student.set_score = set_score
给class绑定方法后，所有实例均可调用：

>>> s.set_score(100)
>>> s.score
100
>>> s2.set_score(99)
>>> s2.score
99
通常情况下，上面的set_score方法可以直接定义在class中，但动态绑定允许我们在程序运行的过程中动态给class加上功能，这在静态语言中很难实现。











class ff():
...     def __init__(self):
...             print 'sf'
...
>>> ff()
sf
<__main__.ff instance at 0x03743968>
>>> s=ff()
sf
>>> s
<__main__.ff instance at 0x037439B8>
>>> ff
<class __main__.ff at 0x0373E688>
>>> ff.age=25
>>> def print_age(self):
...     print self.age
...
>>> ff.print_age
Traceback (most recent call last):
  File "<stdin>", line 1, in <module>
AttributeError: class ff has no attribute 'print_age'
>>> ff.print_age=MethodType(print_age)
Traceback (most recent call last):
  File "<stdin>", line 1, in <module>
NameError: name 'MethodType' is not defined
>>> from types import MethodType
>>> ff.print_age=MethodType(print_age)
Traceback (most recent call last):
  File "<stdin>", line 1, in <module>
TypeError: instancemethod expected at least 2 arguments, got 1
>>> ff.print_age=MethodType(print_age,ff)
>>> ff.print_age
<bound method ?.print_age of <class __main__.ff at 0x0373E688>>
>>> ff.print_age()
25
>>> ff()
sf
<__main__.ff instance at 0x03743A08>

>>> ff().__dict__		#此过程，在没其他参数初始化的，会被默认设为重新初始化，
sf
{}
>>> s=ff()
sf
>>> s.__dict__
{}













使用__slots__

但是，如果我们想要限制实例的属性怎么办？比如，只允许对Student实例添加name和age属性。

为了达到限制的目的，Python允许在定义class的时候，定义一个特殊的__slots__变量，来限制该class实例能添加的属性：

class Student(object):
    __slots__ = ('name', 'age') # 用tuple定义允许绑定的属性名称
然后，我们试试：

>>> s = Student() # 创建新的实例
>>> s.name = 'Michael' # 绑定属性'name'
>>> s.age = 25 # 绑定属性'age'
>>> s.score = 99 # 绑定属性'score'
Traceback (most recent call last):
  File "<stdin>", line 1, in <module>
AttributeError: 'Student' object has no attribute 'score'
由于'score'没有被放到__slots__中，所以不能绑定score属性，试图绑定score将得到AttributeError的错误。

使用__slots__要注意，__slots__定义的属性仅对当前类实例起作用，对继承的子类是不起作用的：

>>> class GraduateStudent(Student):
...     pass
...
>>> g = GraduateStudent()
>>> g.score = 9999
除非在子类中也定义__slots__，这样，子类实例允许定义的属性就是自身的__slots__加上父类的__slots__。












在绑定属性时，如果我们直接把属性暴露出去，虽然写起来很简单，但是，没办法检查参数，导致可以把成绩随便改：

s = Student()
s.score = 9999
这显然不合逻辑。为了限制score的范围，可以通过一个set_score()方法来设置成绩，再通过一个get_score()来获取成绩，这样，在set_score()方法里，就可以检查参数：

class Student(object):

    def get_score(self):
         return self._score

    def set_score(self, value):
        if not isinstance(value, int):
            raise ValueError('score must be an integer!')
        if value < 0 or value > 100:
            raise ValueError('score must between 0 ~ 100!')
        self._score = value
现在，对任意的Student实例进行操作，就不能随心所欲地设置score了：

>>> s = Student()
>>> s.set_score(60) # ok!
>>> s.get_score()
60
>>> s.set_score(9999)
Traceback (most recent call last):
  ...
ValueError: score must between 0 ~ 100!
但是，上面的调用方法又略显复杂，没有直接用属性这么直接简单。

有没有既能检查参数，又可以用类似属性这样简单的方式来访问类的变量呢？对于追求完美的Python程序员来说，这是必须要做到的！

还记得装饰器（decorator）可以给函数动态加上功能吗？对于类的方法，装饰器一样起作用。Python内置的@property装饰器就是负责把一个方法变成属性调用的：

class Student(object):

    @property
    def score(self):
        return self._score

    @score.setter
    def score(self, value):
        if not isinstance(value, int):
            raise ValueError('score must be an integer!')
        if value < 0 or value > 100:
            raise ValueError('score must between 0 ~ 100!')
        self._score = value
@property的实现比较复杂，我们先考察如何使用。把一个getter方法变成属性，只需要加上@property就可以了，此时，@property本身又创建了另一个装饰器@score.setter，负责把一个setter方法变成属性赋值，于是，我们就拥有一个可控的属性操作：

>>> s = Student()
>>> s.score = 60 # OK，实际转化为s.set_score(60)
>>> s.score # OK，实际转化为s.get_score()
60
>>> s.score = 9999
Traceback (most recent call last):
  ...
ValueError: score must between 0 ~ 100!
注意到这个神奇的@property，我们在对实例属性操作的时候，就知道该属性很可能不是直接暴露的，而是通过getter和setter方法来实现的。

还可以定义只读属性，只定义getter方法，不定义setter方法就是一个只读属性：

class Student(object):

    @property
    def birth(self):
        return self._birth

    @birth.setter
    def birth(self, value):
        self._birth = value

    @property
    def age(self):
        return 2015 - self._birth
上面的birth是可读写属性，而age就是一个只读属性，因为age可以根据birth和当前时间计算出来。

小结

@property广泛应用在类的定义中，可以让调用者写出简短的代码，同时保证对参数进行必要的检查，这样，程序运行时就减少了出错的可能性。









MixIn

在设计类的继承关系时，通常，主线都是单一继承下来的，例如，Ostrich继承自Bird。但是，如果需要“混入”额外的功能，通过多重继承就可以实现，比如，让Ostrich除了继承自Bird外，再同时继承Runnable。这种设计通常称之为MixIn。

为了更好地看出继承关系，我们把Runnable和Flyable改为RunnableMixIn和FlyableMixIn。类似的，你还可以定义出肉食动物CarnivorousMixIn和植食动物HerbivoresMixIn，让某个动物同时拥有好几个MixIn：

class Dog(Mammal, RunnableMixIn, CarnivorousMixIn):
    pass

这样一来，我们不需要复杂而庞大的继承链，只要选择组合不同的类的功能，就可以快速构造出所需的子类。

小结

由于Python允许使用多重继承，因此，MixIn就是一种常见的设计。

只允许单一继承的语言（如Java）不能使用MixIn的设计。












>>> class Student(object):
...     def __init__(self, name):
...         self.name = name
...     def __str__(self):
...         return 'Student object (name: %s)' % self.name
...
>>> print(Student('Michael'))
Student object (name: Michael)
这样打印出来的实例，不但好看，而且容易看出实例内部重要的数据。

但是细心的朋友会发现直接敲变量不用print，打印出来的实例还是不好看：

>>> s = Student('Michael')
>>> s
<__main__.Student object at 0x109afb310>
这是因为直接显示变量调用的不是__str__()，而是__repr__()，两者的区别是__str__()返回用户看到的字符串，而__repr__()返回程序开发者看到的字符串，也就是说，__repr__()是为调试服务的。

解决办法是再定义一个__repr__()。但是通常__str__()和__repr__()代码都是一样的，所以，有个偷懒的写法：

class Student(object):
    def __init__(self, name):
        self.name = name
    def __str__(self):
        return 'Student object (name=%s)' % self.name
    __repr__ = __str__













__iter__

如果一个类想被用于for ... in循环，类似list或tuple那样，就必须实现一个__iter__()方法，该方法返回一个迭代对象，然后，Python的for循环就会不断调用该迭代对象的__next__()方法拿到循环的下一个值，直到遇到StopIteration错误时退出循环。

我们以斐波那契数列为例，写一个Fib类，可以作用于for循环：

class Fib(object):
    def __init__(self):
        self.a, self.b = 0, 1 # 初始化两个计数器a，b

    def __iter__(self):
        return self # 实例本身就是迭代对象，故返回自己

    def __next__(self):
        self.a, self.b = self.b, self.a + self.b # 计算下一个值
        if self.a > 100000: # 退出循环的条件
            raise StopIteration()
        return self.a # 返回下一个值
现在，试试把Fib实例作用于for循环：

>>> for n in Fib():
...     print(n)
...
1
1
2
3
5
...
46368
75025
__getitem__

Fib实例虽然能作用于for循环，看起来和list有点像，但是，把它当成list来使用还是不行，比如，取第5个元素：

>>> Fib()[5]
Traceback (most recent call last):
  File "<stdin>", line 1, in <module>
TypeError: 'Fib' object does not support indexing
要表现得像list那样按照下标取出元素，需要实现__getitem__()方法：

class Fib(object):
    def __getitem__(self, n):
        a, b = 1, 1
        for x in range(n):
            a, b = b, a + b
        return a
现在，就可以按下标访问数列的任意一项了：

>>> f = Fib()
>>> f[0]
1
>>> f[1]
1
>>> f[2]
2
>>> f[3]
3
>>> f[10]
89
>>> f[100]
573147844013817084101
但是list有个神奇的切片方法：

>>> list(range(100))[5:10]
[5, 6, 7, 8, 9]
对于Fib却报错。原因是__getitem__()传入的参数可能是一个int，也可能是一个切片对象slice，所以要做判断：

class Fib(object):
    def __getitem__(self, n):
        if isinstance(n, int): # n是索引
            a, b = 1, 1
            for x in range(n):
                a, b = b, a + b
            return a
        if isinstance(n, slice): # n是切片
            start = n.start
            stop = n.stop
            if start is None:
                start = 0
            a, b = 1, 1
            L = []
            for x in range(stop):
                if x >= start:
                    L.append(a)
                a, b = b, a + b
            return L
现在试试Fib的切片：

>>> f = Fib()
>>> f[0:5]
[1, 1, 2, 3, 5]
>>> f[:10]
[1, 1, 2, 3, 5, 8, 13, 21, 34, 55]
但是没有对step参数作处理：

>>> f[:10:2]
[1, 1, 2, 3, 5, 8, 13, 21, 34, 55, 89]
也没有对负数作处理，所以，要正确实现一个__getitem__()还是有很多工作要做的。

此外，如果把对象看成dict，__getitem__()的参数也可能是一个可以作key的object，例如str。

与之对应的是__setitem__()方法，把对象视作list或dict来对集合赋值。最后，还有一个__delitem__()方法，用于删除某个元素。

总之，通过上面的方法，我们自己定义的类表现得和Python自带的list、tuple、dict没什么区别，这完全归功于动态语言的“鸭子类型”，不需要强制继承某个接口。