使用__slots__




定义了一个class，创建了一个class的实例后，我们可以给该实例绑定任何属性和方法，这就是动态语言的灵活性


class Student(object):
    pass


尝试给实例绑定一个属性：

>>> s = Student()
>>> s.name = 'Michael' # 动态给实例绑定一个属性
>>> print(s.name)
Michael


还可以尝试给实例绑定一个方法：

>>> def set_age(self, age): # 定义一个函数作为实例方法
...     self.age = age
...
>>> from types import MethodType
>>> s.set_age = MethodType(set_age, s) # 给实例绑定一个方法
>>> s.set_age(25) # 调用实例方法
>>> s.age # 测试结果
25



给一个实例绑定的方法，对另一个实例是不起作用的



为了给所有实例都绑定方法，可以给class绑定方法：

>>> def set_score(self, score):
...     self.score = score
...
>>> Student.set_score = set_score

给class绑定方法后，所有实例均可调用：





允许在定义class的时候，定义一个特殊的__slots__变量，来限制该class实例能添加的属性

__slots__定义的属性仅对当前类实例起作用，对继承的子类是不起作用的
除非在子类中也定义__slots__，这样，子类实例允许定义的属性就是自身的__slots__加上父类的__slots__





内置的@property装饰器就是     负责把一个方法变成属性调用的：
class Student(object):

    @property
    def score(self):
        return self._score

    @score.setter
    def score(self, value):
        if not isinstance(value, int):
            raise ValueError('score must be an integer!')
        if value < 0 or value > 100:
            raise ValueError('score must between 0 ~ 100!')
        self._score = value

把一个getter方法变成属性，只需要加上@property就可以了，此时，@property本身又创建了另一个装饰器@score.setter，负责把一个setter方法变成属性赋值，于是，我们就拥有一个可控的属性操作：

class Student(object):

    @property
    def birth(self):
        return self._birth

    @birth.setter
    def birth(self, value):
        self._birth = value

    @property
    def age(self):
        return 2015 - self._birth
上面的birth是可读写属性，而age就是一个只读属性，因为age可以根据birth和当前时间计算出来。














定制类
__xx__ 			一般是有特定的，默认的实现功能


__str__

我们先定义一个Student类，打印一个实例：

>>> class Student(object):
...     def __init__(self, name):
...         self.name = name
...
>>> print(Student('Michael'))
<__main__.Student object at 0x109afb190>

怎么才能打印得好看呢？只需要定义好__str__()方法，返回一个好看的字符串就可以了：


>>> class Student(object):
...     def __init__(self, name):
...         self.name = name
...     def __str__(self):
...         return 'Student object (name: %s)' % self.name
...
>>> print(Student('Michael'))
Student object (name: Michael)





__iter__

如果一个类想被用于for ... in循环，类似list或tuple那样，就必须实现一个__iter__()方法，该方法返回一个迭代对象，然后，Python的for循环就会不断调用该迭代对象的__next__()方法拿到循环的下一个值，直到遇到StopIteration错误时退出循环。

class Fib(object):
    def __init__(self):
        self.a, self.b = 0, 1 # 初始化两个计数器a，b

    def __iter__(self):
        return self # 实例本身就是迭代对象，故返回自己

    def __next__(self):
        self.a, self.b = self.b, self.a + self.b # 计算下一个值
        if self.a > 100000: # 退出循环的条件
            raise StopIteration()
        return self.a

把Fib实例作用于for循环：

>>> for n in Fib():
...     print(n)
...
1
1
2
3
5
...
46368
75025









__getitem__


Fib实例虽然能作用于for循环，看起来和list有点像，但是，把它当成list来使用还是不行，比如，取第5个元素：

要表现得像list那样按照下标取出元素，需要实现__getitem__()方法:

class Fib(object):
    def __getitem__(self, n):
        a, b = 1, 1
        for x in range(n):
            a, b = b, a + b
        return a

原因是__getitem__()传入的参数可能是一个int，也可能是一个切片对象slice，所以要做判断：

class Fib(object):
    def __getitem__(self, n):
        if isinstance(n, int): # n是索引
            a, b = 1, 1
            for x in range(n):
                a, b = b, a + b
            return a
        if isinstance(n, slice): # n是切片
            start = n.start
            stop = n.stop
            if start is None:
                start = 0
            a, b = 1, 1
            L = []
            for x in range(stop):
                if x >= start:
                    L.append(a)
                a, b = b, a + b
            return L













__getattr__

正常情况下，当我们调用类的方法或属性时，如果不存在，就会报错
要避免这个错误，除了可以加上一个score属性外，Python还有另一个机制，那就是写一个__getattr__()方法，动态返回一个属性
class Student(object):

    def __init__(self):
        self.name = 'Michael'

    def __getattr__(self, attr):
        if attr=='score':
            return 99
当调用不存在的属性时，比如score，Python解释器会试图调用__getattr__(self, 'score')来尝试获得属性，这样，我们就有机会返回score的值：

>>> s = Student()
>>> s.name
'Michael'
>>> s.score
99






返回函数也是完全可以的：

class Student(object):

    def __getattr__(self, attr):
        if attr=='age':
            return lambda: 25
只是调用方式要变为：

>>> s.age()
25








，只有在没有找到属性的情况下，才调用__getattr__，已有的属性，比如name，不会在__getattr__中查找。

此外，注意到任意调用如s.abc都会返回None，这是因为我们定义的__getattr__默认返回就是None。要让class只响应特定的几个属性，我们就要按照约定，抛出AttributeError的错误：

class Student(object):

    def __getattr__(self, attr):
        if attr=='age':
            return lambda: 25
        raise AttributeError('\'Student\' object has no attribute \'%s\'' % attr)








果要写SDK，给每个URL对应的API都写一个方法，那得累死，而且，API一旦改动，SDK也要改。

利用完全动态的__getattr__，我们可以写出一个链式调用：

class Chain(object):

    def __init__(self, path=''):
        self._path = path

    def __getattr__(self, path):
        return Chain('%s/%s' % (self._path, path))

    def __str__(self):
        return self._path

    __repr__ = __str__
试试：

>>> Chain().status.user.timeline.list
'/status/user/timeline/list'







__call__


一个对象实例可以有自己的属性和方法，当我们调用实例方法时，我们用instance.method()来调用。能不能直接在实例本身上调用呢？在Python中，答案是肯定的。

任何类，只需要定义一个__call__()方法，就可以直接对实例进行调用。请看示例：

class Student(object):
    def __init__(self, name):
        self.name = name

    def __call__(self):
        print('My name is %s.' % self.name)


我们需要判断一个对象是否能被调用，能被调用的对象就是一个Callable对象，比如函数和我们上面定义的带有__call__()的类实例：

>>> callable(Student())
True
>>> callable(max)
True
>>> callable([1, 2, 3])
False
>>> callable(None)
False
>>> callable('str')
False
通过callable()函数，我们就可以判断一个对象是否是“可调用”对象。